43 cells already; adding 2 probes, 4 hub-sweep, 51 typical -> 100
workbench ready in 8s

probe  source    96 k=10    500 iter: R_mc +0.008 -> +0.169
probe  source   123 k=20   1000 iter: R_mc +0.009 -> +0.487
[  1/55] k-sweep  source    13 k=30  alns +0.577 vs best +0.697   61.0s (total 5.8m)
[  2/55] k-sweep  source    13 k=45  alns +0.901 vs best +0.850   54.3s (total 6.7m)
[  3/55] k-sweep  source    13 k=60  alns +0.972 vs best +0.965   54.1s (total 7.6m)
[  4/55] k-sweep  source    13 k=75  alns +0.997 vs best +0.997   84.8s (total 9.0m)
[  5/55] typical  source   611 k=4   alns +0.458 vs best +0.565    1.7s (total 9.0m)
[  6/55] typical  source   421 k=3   alns +0.663 vs best +0.663    3.9s (total 9.1m)
[  7/55] typical  source   421 k=4   alns +0.819 vs best +0.819    2.9s (total 9.2m)
[  8/55] typical  source   421 k=6   alns +0.888 vs best +0.888    2.3s (total 9.2m)
[  9/55] typical  source   340 k=3   alns +0.513 vs best +0.379    8.8s (total 9.3m)
[ 10/55] typical  source   340 k=6   alns +0.733 vs best +0.760    7.2s (total 9.5m)
[ 11/55] typical  source   340 k=8   alns +0.831 vs best +0.806    5.7s (total 9.6m)
[ 12/55] typical  source   274 k=3   alns +0.911 vs best +0.911    8.7s (total 9.7m)
[ 13/55] typical  source   274 k=4   alns +0.952 vs best +0.932    5.6s (total 9.8m)
[ 14/55] typical  source   274 k=6   alns +0.985 vs best +0.981    3.8s (total 9.9m)
[ 15/55] typical  source   201 k=5   alns +0.588 vs best +0.561   10.4s (total 10.0m)
[ 16/55] typical  source   201 k=9   alns +0.742 vs best +0.644    7.9s (total 10.2m)
[ 17/55] typical  source   201 k=12  alns +0.918 vs best +0.770    7.9s (total 10.3m)
[ 18/55] typical  source   145 k=7   alns +0.560 vs best +0.449   18.8s (total 10.6m)
[ 19/55] typical  source   145 k=12  alns +0.718 vs best +0.513   14.9s (total 10.9m)
[ 20/55] typical  source   145 k=18  alns +0.906 vs best +0.910    7.9s (total 11.0m)
[ 21/55] typical  source   587 k=3   alns +0.661 vs best +0.641   12.9s (total 11.2m)
[ 22/55] typical  source   587 k=4   alns +0.752 vs best +0.735   11.6s (total 11.4m)
[ 23/55] typical  source   359 k=4   alns +0.411 vs best +0.379   18.5s (total 11.7m)
[ 24/55] typical  source   359 k=8   alns +0.703 vs best +0.646   15.4s (total 12.0m)
[ 25/55] typical  source   359 k=11  alns +0.784 vs best +0.776   10.5s (total 12.1m)
[ 26/55] typical  source   218 k=5   alns +0.586 vs best +0.586   19.8s (total 12.5m)
[ 27/55] typical  source   218 k=9   alns +0.735 vs best +0.714   17.6s (total 12.8m)
[ 28/55] typical  source   218 k=12  alns +0.822 vs best +0.789   14.5s (total 13.0m)
[ 29/55] typical  source   527 k=4   alns +0.939 vs best +0.939   18.9s (total 13.3m)
[ 30/55] typical  source    95 k=9   alns +0.628 vs best +0.628   32.0s (total 13.9m)
[ 31/55] typical  source    95 k=15  alns +0.743 vs best +0.730   26.3s (total 14.3m)
[ 32/55] typical  source    95 k=22  alns +0.856 vs best +0.843   20.8s (total 14.6m)
[ 33/55] typical  source   271 k=6   alns +0.360 vs best +0.382   37.0s (total 15.3m)
[ 34/55] typical  source   622 k=3   alns +0.846 vs best +0.846   33.0s (total 15.8m)
[ 35/55] typical  source   622 k=6   alns +0.894 vs best +0.887   28.6s (total 16.3m)
[ 36/55] typical  source  1240 k=4   alns +0.992 vs best +0.994   16.6s (total 16.6m)
[ 37/55] typical  source   256 k=3   alns +0.890 vs best +0.890   18.6s (total 16.9m)
[ 38/55] typical  source   256 k=4   alns +0.918 vs best +0.918   16.5s (total 17.1m)
[ 39/55] typical  source   256 k=6   alns +0.958 vs best +0.944    9.9s (total 17.3m)
[ 40/55] typical  source   142 k=5   alns +0.860 vs best +0.848   35.6s (total 17.9m)
[ 41/55] typical  source   142 k=8   alns +0.907 vs best +0.882   20.7s (total 18.3m)
[ 42/55] typical  source   142 k=12  alns +0.962 vs best +0.931   13.0s (total 18.5m)
[ 43/55] typical  source   233 k=3   alns +0.932 vs best +0.931   34.9s (total 19.1m)
[ 44/55] typical  source   233 k=4   alns +0.949 vs best +0.949   37.1s (total 19.7m)
[ 45/55] typical  source     3 k=42  alns +0.038 vs best +0.053   65.5s (total 20.8m)
[ 46/55] typical  source     3 k=73  alns +0.047 vs best +0.259   68.1s (total 21.9m)
[ 47/55] typical  source     3 k=104 alns +0.550 vs best +0.581   67.0s (total 23.0m)
[ 48/55] typical  source    13 k=18  alns +0.058 vs best +0.310   61.2s (total 24.0m)
[ 49/55] typical  source    13 k=32  alns +0.677 vs best +0.731   54.5s (total 24.9m)
[ 50/55] typical  source    13 k=46  alns +0.893 vs best +0.868   49.9s (total 25.8m)
[ 51/55] typical  source    24 k=21  alns +0.323 vs best +0.321   58.3s (total 26.7m)
[ 52/55] typical  source    24 k=37  alns +0.492 vs best +0.501   53.7s (total 27.6m)
[ 53/55] typical  source    24 k=53  alns +0.724 vs best +0.673   46.8s (total 28.4m)
[ 54/55] typical  source   123 k=11  alns +0.003 vs best +0.109   61.7s (total 29.4m)
[ 55/55] typical  source   123 k=19  alns +0.425 vs best +0.417   57.6s (total 30.4m)

results.csv: 688 rows, 100 cells, 30.4 min
