43 cells over 28 measurement sources
  28 population, 15 k-sweep
  ~1628s of ALNS predicted, plus baselines; budget 3300s

workbench ready in 6s

[  1/43] population source   611 k=3   R_mc alns +0.337 vs best greedy +0.398    4.3s  (total 0.2 min)
[  2/43] population source  1894 k=3   R_mc alns +0.337 vs best greedy +0.968    1.6s  (total 0.2 min)
[  3/43] population source  1449 k=3   R_mc alns +0.968 vs best greedy +0.941    1.7s  (total 0.2 min)
[  4/43] population source   421 k=5   R_mc alns +0.941 vs best greedy +0.845    2.2s  (total 0.3 min)
[  5/43] population source  3663 k=3   R_mc alns +0.862 vs best greedy +0.487    2.6s  (total 0.3 min)
[  6/43] population source   340 k=5   R_mc alns +0.427 vs best greedy +0.702    5.0s  (total 0.4 min)
[  7/43] population source   274 k=5   R_mc alns +0.702 vs best greedy +0.941    5.0s  (total 0.5 min)
[  8/43] population source   201 k=10  R_mc alns +0.972 vs best greedy +0.689    6.4s  (total 0.6 min)
[  9/43] population source   145 k=10  R_mc alns +0.797 vs best greedy +0.502   12.3s  (total 0.8 min)
[ 10/43] k-sweep    source   145 k=3   R_mc alns +0.624 vs best greedy +0.155   13.6s  (total 1.0 min)
[ 11/43] k-sweep    source   145 k=5   R_mc alns +0.295 vs best greedy +0.303   16.6s  (total 1.3 min)
[ 12/43] k-sweep    source   145 k=10  R_mc alns +0.398 vs best greedy +0.502    1.7s  (total 1.3 min)
[ 13/43] k-sweep    source   145 k=15  R_mc alns +0.624 vs best greedy +0.819   13.4s  (total 1.5 min)
[ 14/43] k-sweep    source   145 k=20  R_mc alns +0.828 vs best greedy +0.943    7.9s  (total 1.7 min)
[ 15/43] population source   587 k=5   R_mc alns +0.946 vs best greedy +0.836    9.3s  (total 1.8 min)
[ 16/43] population source   359 k=10  R_mc alns +0.836 vs best greedy +0.747   12.2s  (total 2.0 min)
[ 17/43] population source   218 k=10  R_mc alns +0.763 vs best greedy +0.737   13.3s  (total 2.3 min)
[ 18/43] population source   527 k=3   R_mc alns +0.765 vs best greedy +0.924   15.7s  (total 2.5 min)
[ 19/43] population source    95 k=10  R_mc alns +0.924 vs best greedy +0.655   23.8s  (total 2.9 min)
[ 20/43] population source   271 k=10  R_mc alns +0.646 vs best greedy +0.585   24.5s  (total 3.3 min)
[ 21/43] k-sweep    source   271 k=3   R_mc alns +0.576 vs best greedy +0.215   31.1s  (total 3.8 min)
[ 22/43] k-sweep    source   271 k=5   R_mc alns +0.240 vs best greedy +0.317   28.4s  (total 4.3 min)
[ 23/43] k-sweep    source   271 k=10  R_mc alns +0.350 vs best greedy +0.585    1.1s  (total 4.3 min)
[ 24/43] k-sweep    source   271 k=15  R_mc alns +0.576 vs best greedy +0.750   19.9s  (total 4.7 min)
[ 25/43] k-sweep    source   271 k=20  R_mc alns +0.752 vs best greedy +0.870   17.9s  (total 5.0 min)
[ 26/43] population source   376 k=3   R_mc alns +0.878 vs best greedy +0.998    8.1s  (total 5.1 min)
[ 27/43] population source   637 k=3   R_mc alns +0.998 vs best greedy +0.997   12.2s  (total 5.3 min)
[ 28/43] population source   622 k=5   R_mc alns +0.997 vs best greedy +0.873   23.9s  (total 5.7 min)
[ 29/43] population source  1240 k=3   R_mc alns +0.879 vs best greedy +0.973   21.3s  (total 6.1 min)
[ 30/43] population source   256 k=5   R_mc alns +0.990 vs best greedy +0.924   15.7s  (total 6.3 min)
[ 31/43] population source   142 k=10  R_mc alns +0.938 vs best greedy +0.898   19.8s  (total 6.6 min)
[ 32/43] population source   233 k=5   R_mc alns +0.932 vs best greedy +0.968   29.5s  (total 7.1 min)
[ 33/43] population source     3 k=20  R_mc alns +0.967 vs best greedy +0.007   49.8s  (total 8.0 min)
[ 34/43] population source    13 k=20  R_mc alns +0.006 vs best greedy +0.391   57.1s  (total 8.9 min)
[ 35/43] population source    24 k=20  R_mc alns +0.037 vs best greedy +0.321   52.5s  (total 9.8 min)
[ 36/43] population source   123 k=20  R_mc alns +0.276 vs best greedy +0.482   53.2s  (total 10.7 min)
[ 37/43] k-sweep    source    13 k=3   R_mc alns +0.009 vs best greedy +0.001   46.5s  (total 11.5 min)
[ 38/43] k-sweep    source    13 k=5   R_mc alns +0.002 vs best greedy +0.003   52.7s  (total 12.3 min)
[ 39/43] k-sweep    source    13 k=10  R_mc alns +0.005 vs best greedy +0.076   65.1s  (total 13.4 min)
[ 40/43] k-sweep    source    13 k=15  R_mc alns +0.015 vs best greedy +0.209   62.3s  (total 14.5 min)
[ 41/43] k-sweep    source    13 k=20  R_mc alns +0.141 vs best greedy +0.391    2.1s  (total 14.5 min)
[ 42/43] population source    96 k=10  R_mc alns +0.037 vs best greedy +0.385   70.4s  (total 15.7 min)
[ 43/43] population source  3507 k=5   R_mc alns +0.008 vs best greedy +0.006   52.3s  (total 16.5 min)

wrote 301 rows to data/results.csv in 16.5 min
